
> softgen-starter@2.4.4 build
> next build

   Ôû▓ Next.js 15.5.7
   - Environments: .env.local

   Linting and checking validity of types ...

./src/components/chat/ChatWindow.tsx
3:10  Warning: 'Avatar' is defined but never used.  @typescript-eslint/no-unused-vars
3:18  Warning: 'AvatarFallback' is defined but never used.  @typescript-eslint/no-unused-vars
17:44  Warning: Unexpected any. Specify a different type.  @typescript-eslint/no-explicit-any
53:6  Warning: React Hook useEffect has a missing dependency: 'loadMessages'. Either include it or remove the dependency array.  react-hooks/exhaustive-deps

./src/components/chat/ConversationList.tsx
3:34  Warning: 'AvatarImage' is defined but never used.  @typescript-eslint/no-unused-vars
16:54  Warning: Unexpected any. Specify a different type.  @typescript-eslint/no-explicit-any
58:15  Warning: 'otherUser' is assigned a value but never used.  @typescript-eslint/no-unused-vars

./src/components/notifications/NotificationCenter.tsx
19:54  Warning: Unexpected any. Specify a different type.  @typescript-eslint/no-explicit-any

./src/components/particulier/ProfessionalCard.tsx
5:45  Warning: 'Clock' is defined but never used.  @typescript-eslint/no-unused-vars
17:22  Warning: Unexpected any. Specify a different type.  @typescript-eslint/no-explicit-any

./src/components/particulier/ProfessionalRecommendations.tsx
14:58  Warning: Unexpected any. Specify a different type.  @typescript-eslint/no-explicit-any

./src/components/professional/ActivityChart.tsx
17:6  Warning: React Hook useEffect has a missing dependency: 'loadChartData'. Either include it or remove the dependency array.  react-hooks/exhaustive-deps

./src/components/professional/ProjectCard.tsx
4:45  Warning: 'CheckCircle' is defined but never used.  @typescript-eslint/no-unused-vars
5:8  Warning: 'Link' is defined but never used.  @typescript-eslint/no-unused-vars
8:10  Warning: 'bidService' is defined but never used.  @typescript-eslint/no-unused-vars
23:56  Warning: 'onApply' is defined but never used.  @typescript-eslint/no-unused-vars
40:14  Warning: 'err' is defined but never used.  @typescript-eslint/no-unused-vars

./src/components/ProtectedRoute.tsx
31:6  Warning: React Hook useEffect has a missing dependency: 'checkAuth'. Either include it or remove the dependency array.  react-hooks/exhaustive-deps

./src/components/SupabaseDebug.tsx
12:42  Warning: Unexpected any. Specify a different type.  @typescript-eslint/no-explicit-any
41:37  Warning: Forbidden non-null assertion.  @typescript-eslint/no-non-null-assertion
41:51  Warning: Forbidden non-null assertion.  @typescript-eslint/no-non-null-assertion
44:15  Warning: 'data' is assigned a value but never used.  @typescript-eslint/no-unused-vars
65:19  Warning: Unexpected any. Specify a different type.  @typescript-eslint/no-explicit-any

./src/lib/api.ts
60:19  Warning: Unexpected any. Specify a different type.  @typescript-eslint/no-explicit-any
74:19  Warning: Unexpected any. Specify a different type.  @typescript-eslint/no-explicit-any
85:19  Warning: Unexpected any. Specify a different type.  @typescript-eslint/no-explicit-any
91:36  Warning: Unexpected any. Specify a different type.  @typescript-eslint/no-explicit-any
113:19  Warning: Unexpected any. Specify a different type.  @typescript-eslint/no-explicit-any
163:19  Warning: Unexpected any. Specify a different type.  @typescript-eslint/no-explicit-any
210:19  Warning: Unexpected any. Specify a different type.  @typescript-eslint/no-explicit-any
216:35  Warning: Unexpected any. Specify a different type.  @typescript-eslint/no-explicit-any
236:19  Warning: Unexpected any. Specify a different type.  @typescript-eslint/no-explicit-any
254:19  Warning: Unexpected any. Specify a different type.  @typescript-eslint/no-explicit-any
304:19  Warning: Unexpected any. Specify a different type.  @typescript-eslint/no-explicit-any
309:32  Warning: Unexpected any. Specify a different type.  @typescript-eslint/no-explicit-any
314:19  Warning: Unexpected any. Specify a different type.  @typescript-eslint/no-explicit-any

./src/lib/debug-supabase.ts
26:13  Warning: 'data' is assigned a value but never used.  @typescript-eslint/no-unused-vars

./src/lib/email.ts
3:6  Warning: 'EmailType' is defined but never used.  @typescript-eslint/no-unused-vars
16:10  Warning: 'getTransporter' is defined but never used.  @typescript-eslint/no-unused-vars

./src/lib/imageProcessing.ts
14:39  Warning: 'imageFile' is defined but never used.  @typescript-eslint/no-unused-vars
35:3  Warning: 'description' is defined but never used.  @typescript-eslint/no-unused-vars
36:3  Warning: 'photos' is defined but never used.  @typescript-eslint/no-unused-vars
37:3  Warning: 'location' is defined but never used.  @typescript-eslint/no-unused-vars

./src/lib/realtime.ts
1:8  Warning: 'transformers' is defined but never used.  @typescript-eslint/no-unused-vars
2:8  Warning: 'serializer' is defined but never used.  @typescript-eslint/no-unused-vars
3:8  Warning: 'timer' is defined but never used.  @typescript-eslint/no-unused-vars
4:8  Warning: 'websocketFactory' is defined but never used.  @typescript-eslint/no-unused-vars
5:8  Warning: 'RealtimePresence' is defined but never used.  @typescript-eslint/no-unused-vars
6:8  Warning: 'RealtimeChannel' is defined but never used.  @typescript-eslint/no-unused-vars
7:8  Warning: 'RealtimeClient' is defined but never used.  @typescript-eslint/no-unused-vars

./src/lib/serializer.ts
1:33  Warning: Unexpected any. Specify a different type.  @typescript-eslint/no-explicit-any

./src/lib/transformers.ts
1:33  Warning: Unexpected any. Specify a different type.  @typescript-eslint/no-explicit-any
1:39  Warning: Unexpected any. Specify a different type.  @typescript-eslint/no-explicit-any

./src/pages/admin/activity-logs.tsx
27:36  Warning: Unexpected any. Specify a different type.  @typescript-eslint/no-explicit-any
58:6  Warning: React Hook useEffect has a missing dependency: 'filterActions'. Either include it or remove the dependency array.  react-hooks/exhaustive-deps
76:26  Warning: Unexpected any. Specify a different type.  @typescript-eslint/no-explicit-any

./src/pages/admin/dashboard.tsx
15:3  Warning: 'Settings' is defined but never used.  @typescript-eslint/no-unused-vars

./src/pages/admin/emails.tsx
13:34  Warning: 'History' is defined but never used.  @typescript-eslint/no-unused-vars
290:74  Warning: Unexpected any. Specify a different type.  @typescript-eslint/no-explicit-any
305:75  Warning: Unexpected any. Specify a different type.  @typescript-eslint/no-explicit-any

./src/pages/admin/finances.tsx
12:10  Warning: 'Badge' is defined but never used.  @typescript-eslint/no-unused-vars
20:52  Warning: Unexpected any. Specify a different type.  @typescript-eslint/no-explicit-any

./src/pages/admin/homepage-stats.tsx
20:21  Warning: 'error' is assigned a value but never used.  @typescript-eslint/no-unused-vars

./src/pages/admin/notification-settings.tsx
9:10  Warning: 'supabase' is defined but never used.  @typescript-eslint/no-unused-vars

./src/pages/admin/roles.tsx
6:10  Warning: 'Button' is defined but never used.  @typescript-eslint/no-unused-vars
22:36  Warning: Unexpected any. Specify a different type.  @typescript-eslint/no-explicit-any
55:50  Warning: Unexpected any. Specify a different type.  @typescript-eslint/no-explicit-any
56:92  Warning: Unexpected any. Specify a different type.  @typescript-eslint/no-explicit-any
61:6  Warning: React Hook useEffect has a missing dependency: 'loadData'. Either include it or remove the dependency array.  react-hooks/exhaustive-deps
65:6  Warning: React Hook useEffect has a missing dependency: 'filterUsers'. Either include it or remove the dependency array.  react-hooks/exhaustive-deps
90:62  Warning: Unexpected any. Specify a different type.  @typescript-eslint/no-explicit-any

./src/pages/admin/settings.tsx
13:10  Warning: 'getSettingsByCategory' is defined but never used.  @typescript-eslint/no-unused-vars
90:14  Warning: 'error' is defined but never used.  @typescript-eslint/no-unused-vars
114:14  Warning: 'error' is defined but never used.  @typescript-eslint/no-unused-vars
136:14  Warning: 'error' is defined but never used.  @typescript-eslint/no-unused-vars

./src/pages/admin/setup.tsx
8:10  Warning: 'supabase' is defined but never used.  @typescript-eslint/no-unused-vars
63:19  Warning: Unexpected any. Specify a different type.  @typescript-eslint/no-explicit-any

./src/pages/admin/smtp-config.tsx
19:15  Warning: Unexpected any. Specify a different type.  @typescript-eslint/no-explicit-any
49:21  Warning: Unexpected any. Specify a different type.  @typescript-eslint/no-explicit-any

./src/pages/admin/system-emails.tsx
10:10  Warning: 'supabase' is defined but never used.  @typescript-eslint/no-unused-vars

./src/pages/admin/users.tsx
50:6  Warning: React Hook useEffect has a missing dependency: 'loadUsers'. Either include it or remove the dependency array.  react-hooks/exhaustive-deps
72:46  Warning: Unexpected any. Specify a different type.  @typescript-eslint/no-explicit-any

./src/pages/api/admin/create-super-admin.ts
62:41  Warning: Unexpected any. Specify a different type.  @typescript-eslint/no-explicit-any
176:19  Warning: Unexpected any. Specify a different type.  @typescript-eslint/no-explicit-any

./src/pages/api/ai-estimation.ts
31:53  Warning: 'mode' is assigned a value but never used.  @typescript-eslint/no-unused-vars

./src/pages/api/configure-smtp.ts
81:19  Warning: Unexpected any. Specify a different type.  @typescript-eslint/no-explicit-any

./src/pages/auth/login.tsx
102:19  Warning: Unexpected any. Specify a different type.  @typescript-eslint/no-explicit-any

./src/pages/index.tsx
10:3  Warning: 'Clock' is defined but never used.  @typescript-eslint/no-unused-vars

./src/pages/particulier/dashboard.tsx
7:10  Warning: 'Tabs' is defined but never used.  @typescript-eslint/no-unused-vars
7:16  Warning: 'TabsContent' is defined but never used.  @typescript-eslint/no-unused-vars
7:29  Warning: 'TabsList' is defined but never used.  @typescript-eslint/no-unused-vars
7:39  Warning: 'TabsTrigger' is defined but never used.  @typescript-eslint/no-unused-vars
17:3  Warning: 'ArrowLeft' is defined but never used.  @typescript-eslint/no-unused-vars
18:3  Warning: 'Briefcase' is defined but never used.  @typescript-eslint/no-unused-vars
19:3  Warning: 'XCircle' is defined but never used.  @typescript-eslint/no-unused-vars
20:3  Warning: 'MessageSquare' is defined but never used.  @typescript-eslint/no-unused-vars
30:6  Warning: 'Bid' is defined but never used.  @typescript-eslint/no-unused-vars
47:6  Warning: React Hook useEffect has a missing dependency: 'checkAuth'. Either include it or remove the dependency array.  react-hooks/exhaustive-deps

./src/pages/particulier/diagnostic.tsx
91:6  Warning: React Hook useEffect has a missing dependency: 'checkAuth'. Either include it or remove the dependency array.  react-hooks/exhaustive-deps
127:19  Warning: 'setLoading' is assigned a value but never used.  @typescript-eslint/no-unused-vars

./src/pages/particulier/index.tsx
14:6  Warning: React Hook useEffect has a missing dependency: 'checkAuth'. Either include it or remove the dependency array.  react-hooks/exhaustive-deps

./src/pages/particulier/messages.tsx
15:6  Warning: React Hook useEffect has a missing dependency: 'checkAuth'. Either include it or remove the dependency array.  react-hooks/exhaustive-deps

./src/pages/particulier/new-project.tsx
110:25  Warning: 'uploadId' is assigned a value but never used.  @typescript-eslint/no-unused-vars
395:25  Warning: 'data' is defined but never used.  @typescript-eslint/no-unused-vars
395:31  Warning: Unexpected any. Specify a different type.  @typescript-eslint/no-explicit-any
399:43  Warning: 'files' is defined but never used.  @typescript-eslint/no-unused-vars

./src/pages/particulier/project-interests.tsx
11:55  Warning: 'MapPin' is defined but never used.  @typescript-eslint/no-unused-vars
11:63  Warning: 'Award' is defined but never used.  @typescript-eslint/no-unused-vars
41:6  Warning: React Hook useEffect has a missing dependency: 'checkAuth'. Either include it or remove the dependency array.  react-hooks/exhaustive-deps
71:6  Warning: React Hook useEffect has a missing dependency: 'loadInterests'. Either include it or remove the dependency array.  react-hooks/exhaustive-deps
143:14  Warning: 'err' is defined but never used.  @typescript-eslint/no-unused-vars

./src/pages/particulier/rate-pro.tsx
20:6  Warning: React Hook useEffect has a missing dependency: 'checkAuth'. Either include it or remove the dependency array.  react-hooks/exhaustive-deps
41:50  Warning: Unexpected any. Specify a different type.  @typescript-eslint/no-explicit-any
47:6  Warning: React Hook useEffect has a missing dependency: 'loadProjectDetails'. Either include it or remove the dependency array.  react-hooks/exhaustive-deps
124:70  Warning: Forbidden non-null assertion.  @typescript-eslint/no-non-null-assertion
126:27  Warning: Forbidden non-null assertion.  @typescript-eslint/no-non-null-assertion

./src/pages/professionnel/browse-projects.tsx
4:10  Warning: 'Card' is defined but never used.  @typescript-eslint/no-unused-vars
4:16  Warning: 'CardHeader' is defined but never used.  @typescript-eslint/no-unused-vars
4:28  Warning: 'CardTitle' is defined but never used.  @typescript-eslint/no-unused-vars
6:10  Warning: 'Select' is defined but never used.  @typescript-eslint/no-unused-vars
6:18  Warning: 'SelectContent' is defined but never used.  @typescript-eslint/no-unused-vars
6:33  Warning: 'SelectItem' is defined but never used.  @typescript-eslint/no-unused-vars
6:45  Warning: 'SelectTrigger' is defined but never used.  @typescript-eslint/no-unused-vars
6:60  Warning: 'SelectValue' is defined but never used.  @typescript-eslint/no-unused-vars
7:10  Warning: 'Tabs' is defined but never used.  @typescript-eslint/no-unused-vars
7:16  Warning: 'TabsContent' is defined but never used.  @typescript-eslint/no-unused-vars
7:29  Warning: 'TabsList' is defined but never used.  @typescript-eslint/no-unused-vars
7:39  Warning: 'TabsTrigger' is defined but never used.  @typescript-eslint/no-unused-vars
8:10  Warning: 'Badge' is defined but never used.  @typescript-eslint/no-unused-vars
9:10  Warning: 'ArrowLeft' is defined but never used.  @typescript-eslint/no-unused-vars
9:29  Warning: 'MapPin' is defined but never used.  @typescript-eslint/no-unused-vars
9:37  Warning: 'DollarSign' is defined but never used.  @typescript-eslint/no-unused-vars
9:57  Warning: 'Sparkles' is defined but never used.  @typescript-eslint/no-unused-vars
15:8  Warning: 'Link' is defined but never used.  @typescript-eslint/no-unused-vars
19:11  Warning: 'RecommendedProject' is defined but never used.  @typescript-eslint/no-unused-vars
34:9  Warning: 'categories' is assigned a value but never used.  @typescript-eslint/no-unused-vars
52:6  Warning: React Hook useEffect has a missing dependency: 'loadProjects'. Either include it or remove the dependency array.  react-hooks/exhaustive-deps

./src/pages/professionnel/dashboard.tsx
42:9  Warning: 'platformSettings' is assigned a value but never used.  @typescript-eslint/no-unused-vars
54:56  Warning: Unexpected any. Specify a different type.  @typescript-eslint/no-explicit-any
58:6  Warning: React Hook useEffect has a missing dependency: 'checkAuth'. Either include it or remove the dependency array.  react-hooks/exhaustive-deps
67:6  Warning: React Hook useEffect has a missing dependency: 'router'. Either include it or remove the dependency array.  react-hooks/exhaustive-deps
99:52  Warning: Unexpected any. Specify a different type.  @typescript-eslint/no-explicit-any
130:6  Warning: React Hook useEffect has a missing dependency: 'loadStats'. Either include it or remove the dependency array.  react-hooks/exhaustive-deps

./src/pages/professionnel/index.tsx
3:29  Warning: 'CardHeader' is defined but never used.  @typescript-eslint/no-unused-vars

./src/pages/professionnel/match-payment.tsx
18:25  Warning: 'projectId' is defined but never used.  @typescript-eslint/no-unused-vars
18:36  Warning: 'professionalId' is defined but never used.  @typescript-eslint/no-unused-vars
94:42  Warning: Unexpected any. Specify a different type.  @typescript-eslint/no-explicit-any
98:23  Warning: 'setAlreadyPaid' is assigned a value but never used.  @typescript-eslint/no-unused-vars
124:6  Warning: React Hook useEffect has missing dependencies: 'checkStatus' and 'toast'. Either include them or remove the dependency array.  react-hooks/exhaustive-deps
130:6  Warning: React Hook useEffect has a missing dependency: 'initializePayment'. Either include it or remove the dependency array.  react-hooks/exhaustive-deps
147:19  Warning: Unexpected any. Specify a different type.  @typescript-eslint/no-explicit-any
155:22  Warning: 'status' is assigned a value but never used.  @typescript-eslint/no-unused-vars

./src/pages/professionnel/messages.tsx
12:6  Warning: 'Conversation' is defined but never used.  @typescript-eslint/no-unused-vars
20:10  Warning: 'currentUserId' is assigned a value but never used.  @typescript-eslint/no-unused-vars
22:9  Warning: The 'loadUser' function makes the dependencies of useEffect Hook (at line 31) change on every render. Move it inside the useEffect callback. Alternatively, wrap the definition of 'loadUser' in its own useCallback() Hook.  react-hooks/exhaustive-deps

./src/pages/test-stripe-payment.tsx
5:10  Warning: 'Input' is defined but never used.  @typescript-eslint/no-unused-vars
22:56  Warning: Unexpected any. Specify a different type.  @typescript-eslint/no-explicit-any
79:19  Warning: Unexpected any. Specify a different type.  @typescript-eslint/no-explicit-any

./src/services/aiEstimationService.ts
36:15  Warning: Unexpected any. Specify a different type.  @typescript-eslint/no-explicit-any
681:19  Warning: Unexpected any. Specify a different type.  @typescript-eslint/no-explicit-any
700:33  Warning: Unexpected any. Specify a different type.  @typescript-eslint/no-explicit-any
736:33  Warning: Unexpected any. Specify a different type.  @typescript-eslint/no-explicit-any
767:10  Warning: 'buildEstimationPrompt' is defined but never used.  @typescript-eslint/no-unused-vars

./src/services/authService.ts
108:14  Warning: 'error' is defined but never used.  @typescript-eslint/no-unused-vars
136:14  Warning: 'error' is defined but never used.  @typescript-eslint/no-unused-vars
154:14  Warning: 'error' is defined but never used.  @typescript-eslint/no-unused-vars
173:14  Warning: 'error' is defined but never used.  @typescript-eslint/no-unused-vars
197:14  Warning: 'error' is defined but never used.  @typescript-eslint/no-unused-vars
225:14  Warning: 'error' is defined but never used.  @typescript-eslint/no-unused-vars
256:21  Warning: 'subscription' is assigned a value but never used.  @typescript-eslint/no-unused-vars
267:3  Warning: The 'fetchProfile' function makes the dependencies of useEffect Hook (at line 265) change on every render. Move it inside the useEffect callback. Alternatively, wrap the definition of 'fetchProfile' in its own useCallback() Hook.  react-hooks/exhaustive-deps

./src/services/bidService.ts
55:57  Warning: Unexpected any. Specify a different type.  @typescript-eslint/no-explicit-any

./src/services/chatService.ts
24:38  Warning: 'fetchError' is assigned a value but never used.  @typescript-eslint/no-unused-vars
102:47  Warning: Unexpected any. Specify a different type.  @typescript-eslint/no-explicit-any
106:41  Warning: Unexpected any. Specify a different type.  @typescript-eslint/no-explicit-any
132:30  Warning: Unexpected any. Specify a different type.  @typescript-eslint/no-explicit-any
145:19  Warning: Unexpected any. Specify a different type.  @typescript-eslint/no-explicit-any

./src/services/matchingService.ts
8:17  Warning: Unexpected any. Specify a different type.  @typescript-eslint/no-explicit-any
122:30  Warning: Unexpected any. Specify a different type.  @typescript-eslint/no-explicit-any
133:89  Warning: Unexpected any. Specify a different type.  @typescript-eslint/no-explicit-any
152:110  Warning: Unexpected any. Specify a different type.  @typescript-eslint/no-explicit-any

./src/services/matchPaymentService.ts
5:7  Warning: 'stripePromise' is assigned a value but never used.  @typescript-eslint/no-unused-vars
42:33  Warning: Unexpected any. Specify a different type.  @typescript-eslint/no-explicit-any
88:43  Warning: 'paymentError' is assigned a value but never used.  @typescript-eslint/no-unused-vars
89:33  Warning: Unexpected any. Specify a different type.  @typescript-eslint/no-explicit-any
138:46  Warning: Unexpected any. Specify a different type.  @typescript-eslint/no-explicit-any
212:33  Warning: Unexpected any. Specify a different type.  @typescript-eslint/no-explicit-any
252:33  Warning: Unexpected any. Specify a different type.  @typescript-eslint/no-explicit-any
282:33  Warning: Unexpected any. Specify a different type.  @typescript-eslint/no-explicit-any

./src/services/permissionService.ts
6:6  Warning: 'RolePermission' is defined but never used.  @typescript-eslint/no-unused-vars
45:30  Warning: Unexpected any. Specify a different type.  @typescript-eslint/no-explicit-any
82:24  Warning: Unexpected any. Specify a different type.  @typescript-eslint/no-explicit-any

./src/services/platformService.ts
5:6  Warning: 'PlatformSettingUpdate' is defined but never used.  @typescript-eslint/no-unused-vars
14:56  Warning: Unexpected any. Specify a different type.  @typescript-eslint/no-explicit-any
69:69  Warning: Unexpected any. Specify a different type.  @typescript-eslint/no-explicit-any
72:32  Warning: Unexpected any. Specify a different type.  @typescript-eslint/no-explicit-any
85:10  Warning: Unexpected any. Specify a different type.  @typescript-eslint/no-explicit-any
108:10  Warning: Unexpected any. Specify a different type.  @typescript-eslint/no-explicit-any
165:33  Warning: Unexpected any. Specify a different type.  @typescript-eslint/no-explicit-any
220:36  Warning: Unexpected any. Specify a different type.  @typescript-eslint/no-explicit-any
292:32  Warning: Unexpected any. Specify a different type.  @typescript-eslint/no-explicit-any

./src/services/professionalService.ts
12:51  Warning: Unexpected any. Specify a different type.  @typescript-eslint/no-explicit-any
194:65  Warning: Unexpected any. Specify a different type.  @typescript-eslint/no-explicit-any

./src/services/projectService.ts
1:10  Warning: 'supabase' is defined but never used.  @typescript-eslint/no-unused-vars
3:10  Warning: 'notificationService' is defined but never used.  @typescript-eslint/no-unused-vars
13:30  Warning: 'filters' is defined but never used.  @typescript-eslint/no-unused-vars
13:40  Warning: Unexpected any. Specify a different type.  @typescript-eslint/no-explicit-any
17:24  Warning: 'projectId' is defined but never used.  @typescript-eslint/no-unused-vars
21:23  Warning: 'projectData' is defined but never used.  @typescript-eslint/no-unused-vars
25:29  Warning: 'projectId' is defined but never used.  @typescript-eslint/no-unused-vars
25:48  Warning: 'files' is defined but never used.  @typescript-eslint/no-unused-vars

./src/services/promoService.ts
63:3  Warning: 'professionalId' is defined but never used.  @typescript-eslint/no-unused-vars

info  - Need to disable some ESLint rules? Learn more here: https://nextjs.org/docs/app/api-reference/config/eslint#disabling-rules
   Creating an optimized production build ...
node.exe : Failed to compile.
Au caractère Ligne:1 : 1
+ & "C:\Program Files\nodejs/node.exe" "C:\Program Files\nodejs/node_mo ...
+ ~~~~~~~~~~~~~~~~~~~~~~~~~~~~~~~~~~~~~~~~~~~~~~~~~~~~~~~~~~~~~~~~~~~~~
    + CategoryInfo          : NotSpecified: (Failed to compile.:String) [], Re 
   moteException
    + FullyQualifiedErrorId : NativeCommandError
 

./src/integrations/supabase/client.ts
Module not found: Can't resolve '@supabase/supabase-js'

https://nextjs.org/docs/messages/module-not-found

Import trace for requested module:
./src/pages/admin/activity-logs.tsx


> Build failed because of webpack errors
